app/(site)/[locale]/layout.tsx(44,28): error TS2339: Property 'DB' does not exist on type 'CloudflareEnv'.
app/(site)/[locale]/menu/[category]/page.tsx(13,25): error TS2339: Property 'DB' does not exist on type 'CloudflareEnv'.
app/(site)/[locale]/menu/[category]/page.tsx(64,38): error TS2345: Argument of type 'CloudflareEnv' is not assignable to parameter of type 'LoadMenuDataEnv'.
app/(site)/[locale]/menu/page.tsx(35,38): error TS2345: Argument of type 'CloudflareEnv' is not assignable to parameter of type 'LoadMenuDataEnv'.
  Property 'DB' is missing in type 'CloudflareEnv' but required in type 'LoadMenuDataEnv'.
app/(site)/[locale]/page.tsx(56,38): error TS2345: Argument of type 'CloudflareEnv' is not assignable to parameter of type 'LoadMenuDataEnv'.
  Property 'DB' is missing in type 'CloudflareEnv' but required in type 'LoadMenuDataEnv'.
app/(site)/[locale]/product/[id]/page.tsx(13,25): error TS2339: Property 'DB' does not exist on type 'CloudflareEnv'.
app/(site)/[locale]/product/[id]/page.tsx(69,38): error TS2345: Argument of type 'CloudflareEnv' is not assignable to parameter of type 'LoadMenuDataEnv'.
  Property 'DB' is missing in type 'CloudflareEnv' but required in type 'LoadMenuDataEnv'.
app/admin/dashboard/page.tsx(197,13): error TS2345: Argument of type 'Dispatch<SetStateAction<AnalyticsData | null>>' is not assignable to parameter of type '(value: unknown) => void | PromiseLike<void>'.
  Types of parameters 'value' and 'value' are incompatible.
    Type 'unknown' is not assignable to type 'SetStateAction<AnalyticsData | null>'.
app/admin/dashboard/page.tsx(386,13): error TS2345: Argument of type 'Dispatch<SetStateAction<OrderDetailData | null>>' is not assignable to parameter of type '(value: unknown) => void | PromiseLike<void>'.
  Types of parameters 'value' and 'value' are incompatible.
    Type 'unknown' is not assignable to type 'SetStateAction<OrderDetailData | null>'.
app/admin/dashboard/page.tsx(835,30): error TS2345: Argument of type '{}' is not assignable to parameter of type 'SetStateAction<RawSettings>'.
app/admin/dashboard/page.tsx(1074,36): error TS18046: 'data' is of type 'unknown'.
app/admin/dashboard/page.tsx(1075,41): error TS18046: 'data' is of type 'unknown'.
app/admin/dashboard/page.tsx(1687,36): error TS18046: 'data' is of type 'unknown'.
app/admin/dashboard/page.tsx(1752,36): error TS18046: 'data' is of type 'unknown'.
app/admin/dashboard/page.tsx(1967,36): error TS18046: 'data' is of type 'unknown'.
app/admin/dashboard/page.tsx(2037,36): error TS18046: 'data' is of type 'unknown'.
app/admin/dashboard/page.tsx(2156,13): error TS18046: 'data' is of type 'unknown'.
app/admin/dashboard/page.tsx(2158,20): error TS18046: 'data' is of type 'unknown'.
app/admin/dashboard/page.tsx(2159,19): error TS18046: 'data' is of type 'unknown'.
app/admin/dashboard/page.tsx(2160,19): error TS18046: 'data' is of type 'unknown'.
app/admin/dashboard/page.tsx(2164,29): error TS18046: 'data' is of type 'unknown'.
app/admin/dashboard/page.tsx(2164,107): error TS18046: 'data' is of type 'unknown'.
app/admin/kitchen/page.tsx(36,18): error TS18046: 'data' is of type 'unknown'.
app/admin/kitchen/page.tsx(62,18): error TS18046: 'data' is of type 'unknown'.
app/admin/kitchen/page.tsx(65,11): error TS18046: 'data' is of type 'unknown'.
app/admin/kitchen/page.tsx(66,25): error TS18046: 'data' is of type 'unknown'.
app/admin/kitchen/page.tsx(92,18): error TS18046: 'data' is of type 'unknown'.
app/admin/page.tsx(38,13): error TS18046: 'data' is of type 'unknown'.
app/admin/page.tsx(77,18): error TS18046: 'data' is of type 'unknown'.
app/admin/page.tsx(84,11): error TS18046: 'data' is of type 'unknown'.
app/admin/page.tsx(85,25): error TS18046: 'data' is of type 'unknown'.
app/admin/page.tsx(117,18): error TS18046: 'data' is of type 'unknown'.
app/api/admin/2fa/confirm/route.ts(28,23): error TS18046: 'body' is of type 'unknown'.
app/api/admin/2fa/confirm/route.ts(30,27): error TS2339: Property 'DB' does not exist on type 'CloudflareEnv'.
app/api/admin/2fa/confirm/route.ts(38,13): error TS2339: Property 'DB' does not exist on type 'CloudflareEnv'.
app/api/admin/2fa/disable/route.ts(31,27): error TS2339: Property 'DB' does not exist on type 'CloudflareEnv'.
app/api/admin/2fa/disable/route.ts(34,13): error TS2339: Property 'DB' does not exist on type 'CloudflareEnv'.
app/api/admin/2fa/setup/route.ts(32,27): error TS2339: Property 'DB' does not exist on type 'CloudflareEnv'.
app/api/admin/2fa/setup/route.ts(39,13): error TS2339: Property 'DB' does not exist on type 'CloudflareEnv'.
app/api/admin/2fa/status/route.ts(24,27): error TS2339: Property 'DB' does not exist on type 'CloudflareEnv'.
app/api/admin/[table]/[id]/route.ts(21,46): error TS18046: 'body' is of type 'unknown'.
app/api/admin/[table]/[id]/route.ts(35,50): error TS18046: 'body' is of type 'unknown'.
app/api/admin/[table]/[id]/route.ts(35,75): error TS18046: 'body' is of type 'unknown'.
app/api/admin/[table]/[id]/route.ts(36,31): error TS2339: Property 'DB' does not exist on type 'CloudflareEnv'.
app/api/admin/[table]/[id]/route.ts(45,34): error TS18046: 'body' is of type 'unknown'.
app/api/admin/[table]/[id]/route.ts(47,13): error TS2339: Property 'DB' does not exist on type 'CloudflareEnv'.
app/api/admin/[table]/[id]/route.ts(69,13): error TS2339: Property 'DB' does not exist on type 'CloudflareEnv'.
app/api/admin/[table]/route.ts(22,26): error TS2339: Property 'DB' does not exist on type 'CloudflareEnv'.
app/api/admin/[table]/route.ts(36,8): error TS18046: 'body' is of type 'unknown'.
app/api/admin/[table]/route.ts(36,19): error TS18046: 'body' is of type 'unknown'.
app/api/admin/[table]/route.ts(37,5): error TS18046: 'body' is of type 'unknown'.
app/api/admin/[table]/route.ts(37,26): error TS18046: 'body' is of type 'unknown'.
app/api/admin/[table]/route.ts(39,8): error TS18046: 'body' is of type 'unknown'.
app/api/admin/[table]/route.ts(39,19): error TS18046: 'body' is of type 'unknown'.
app/api/admin/[table]/route.ts(40,5): error TS18046: 'body' is of type 'unknown'.
app/api/admin/[table]/route.ts(40,26): error TS18046: 'body' is of type 'unknown'.
app/api/admin/[table]/route.ts(42,8): error TS18046: 'body' is of type 'unknown'.
app/api/admin/[table]/route.ts(48,38): error TS18046: 'body' is of type 'unknown'.
app/api/admin/[table]/route.ts(48,67): error TS18046: 'body' is of type 'unknown'.
app/api/admin/[table]/route.ts(48,101): error TS18046: 'body' is of type 'unknown'.
app/api/admin/[table]/route.ts(49,16): error TS18046: 'body' is of type 'unknown'.
app/api/admin/[table]/route.ts(49,43): error TS18046: 'body' is of type 'unknown'.
app/api/admin/[table]/route.ts(54,46): error TS18046: 'body' is of type 'unknown'.
app/api/admin/[table]/route.ts(56,34): error TS18046: 'body' is of type 'unknown'.
app/api/admin/[table]/route.ts(58,13): error TS2339: Property 'DB' does not exist on type 'CloudflareEnv'.
app/api/admin/[table]/route.ts(65,17): error TS18046: 'body' is of type 'unknown'.
app/api/admin/[table]/route.ts(65,30): error TS18046: 'body' is of type 'unknown'.
app/api/admin/[table]/route.ts(65,44): error TS18046: 'body' is of type 'unknown'.
app/api/admin/[table]/route.ts(68,31): error TS18046: 'body' is of type 'unknown'.
app/api/admin/activity/route.ts(22,26): error TS2339: Property 'DB' does not exist on type 'CloudflareEnv'.
app/api/admin/analytics/route.ts(61,9): error TS2339: Property 'DB' does not exist on type 'CloudflareEnv'.
app/api/admin/analytics/route.ts(71,9): error TS2339: Property 'DB' does not exist on type 'CloudflareEnv'.
app/api/admin/analytics/route.ts(81,9): error TS2339: Property 'DB' does not exist on type 'CloudflareEnv'.
app/api/admin/analytics/route.ts(91,9): error TS2339: Property 'DB' does not exist on type 'CloudflareEnv'.
app/api/admin/analytics/route.ts(104,9): error TS2339: Property 'DB' does not exist on type 'CloudflareEnv'.
app/api/admin/analytics/route.ts(111,9): error TS2339: Property 'DB' does not exist on type 'CloudflareEnv'.
app/api/admin/analytics/route.ts(120,36): error TS2339: Property 'DB' does not exist on type 'CloudflareEnv'.
app/api/admin/coupons/[code]/route.ts(22,30): error TS2339: Property 'DB' does not exist on type 'CloudflareEnv'.
app/api/admin/coupons/[code]/route.ts(29,19): error TS18046: 'body' is of type 'unknown'.
app/api/admin/coupons/[code]/route.ts(34,26): error TS18046: 'body' is of type 'unknown'.
app/api/admin/coupons/[code]/route.ts(35,34): error TS2345: Argument of type 'unknown' is not assignable to parameter of type 'string'.
app/api/admin/coupons/[code]/route.ts(42,27): error TS18046: 'body' is of type 'unknown'.
app/api/admin/coupons/[code]/route.ts(45,23): error TS2339: Property 'discount_type' does not exist on type 'Record<"discount_value", unknown>'.
app/api/admin/coupons/[code]/route.ts(51,23): error TS18046: 'body' is of type 'unknown'.
app/api/admin/coupons/[code]/route.ts(53,26): error TS2769: No overload matches this call.
  Overload 1 of 4, '(value: string | number | Date): Date', gave the following error.
    Argument of type '{}' is not assignable to parameter of type 'string | number | Date'.
  Overload 2 of 4, '(value: string | number): Date', gave the following error.
    Argument of type '{}' is not assignable to parameter of type 'string | number'.
app/api/admin/coupons/[code]/route.ts(62,29): error TS18046: 'body' is of type 'unknown'.
app/api/admin/coupons/[code]/route.ts(73,24): error TS18046: 'body' is of type 'unknown'.
app/api/admin/coupons/[code]/route.ts(87,13): error TS2339: Property 'DB' does not exist on type 'CloudflareEnv'.
app/api/admin/coupons/[code]/route.ts(90,34): error TS2769: No overload matches this call.
  Overload 1 of 2, '(o: {}): string[]', gave the following error.
    Argument of type 'unknown' is not assignable to parameter of type '{}'.
  Overload 2 of 2, '(o: object): string[]', gave the following error.
    Argument of type 'unknown' is not assignable to parameter of type 'object'.
app/api/admin/coupons/route.ts(25,26): error TS2339: Property 'DB' does not exist on type 'CloudflareEnv'.
app/api/admin/coupons/route.ts(35,30): error TS18046: 'body' is of type 'unknown'.
app/api/admin/coupons/route.ts(36,31): error TS18046: 'body' is of type 'unknown'.
app/api/admin/coupons/route.ts(37,32): error TS18046: 'body' is of type 'unknown'.
app/api/admin/coupons/route.ts(51,7): error TS18046: 'body' is of type 'unknown'.
app/api/admin/coupons/route.ts(51,46): error TS18046: 'body' is of type 'unknown'.
app/api/admin/coupons/route.ts(51,80): error TS18046: 'body' is of type 'unknown'.
app/api/admin/coupons/route.ts(52,29): error TS18046: 'body' is of type 'unknown'.
app/api/admin/coupons/route.ts(59,7): error TS18046: 'body' is of type 'unknown'.
app/api/admin/coupons/route.ts(59,41): error TS18046: 'body' is of type 'unknown'.
app/api/admin/coupons/route.ts(59,70): error TS18046: 'body' is of type 'unknown'.
app/api/admin/coupons/route.ts(60,25): error TS18046: 'body' is of type 'unknown'.
app/api/admin/coupons/route.ts(71,7): error TS18046: 'body' is of type 'unknown'.
app/api/admin/coupons/route.ts(72,24): error TS18046: 'body' is of type 'unknown'.
app/api/admin/coupons/route.ts(74,17): error TS18046: 'body' is of type 'unknown'.
app/api/admin/coupons/route.ts(77,30): error TS2339: Property 'DB' does not exist on type 'CloudflareEnv'.
app/api/admin/coupons/route.ts(80,13): error TS2339: Property 'DB' does not exist on type 'CloudflareEnv'.
app/api/admin/login/route.ts(27,13): error TS2339: Property 'DB' does not exist on type 'CloudflareEnv'.
app/api/admin/login/route.ts(29,36): error TS2339: Property 'DB' does not exist on type 'CloudflareEnv'.
app/api/admin/login/route.ts(38,24): error TS18046: 'body' is of type 'unknown'.
app/api/admin/login/route.ts(39,27): error TS18046: 'body' is of type 'unknown'.
app/api/admin/login/route.ts(41,12): error TS2339: Property 'SESSION_SECRET' does not exist on type 'CloudflareEnv'.
app/api/admin/login/route.ts(49,15): error TS2339: Property 'DB' does not exist on type 'CloudflareEnv'.
app/api/admin/login/route.ts(62,23): error TS2339: Property 'DB' does not exist on type 'CloudflareEnv'.
app/api/admin/login/route.ts(72,25): error TS2339: Property 'DB' does not exist on type 'CloudflareEnv'.
app/api/admin/login/route.ts(108,11): error TS2339: Property 'ADMIN_EMAIL' does not exist on type 'CloudflareEnv'.
app/api/admin/login/route.ts(108,30): error TS2339: Property 'ADMIN_PASSWORD' does not exist on type 'CloudflareEnv'.
app/api/admin/login/route.ts(108,62): error TS2339: Property 'ADMIN_EMAIL' does not exist on type 'CloudflareEnv'.
app/api/admin/login/route.ts(108,94): error TS2339: Property 'ADMIN_PASSWORD' does not exist on type 'CloudflareEnv'.
app/api/admin/login/route.ts(110,53): error TS2339: Property 'ADMIN_EMAIL' does not exist on type 'CloudflareEnv'.
app/api/admin/login/verify-2fa/route.ts(33,13): error TS2339: Property 'DB' does not exist on type 'CloudflareEnv'.
app/api/admin/login/verify-2fa/route.ts(35,36): error TS2339: Property 'DB' does not exist on type 'CloudflareEnv'.
app/api/admin/login/verify-2fa/route.ts(44,31): error TS18046: 'body' is of type 'unknown'.
app/api/admin/login/verify-2fa/route.ts(45,23): error TS18046: 'body' is of type 'unknown'.
app/api/admin/login/verify-2fa/route.ts(48,15): error TS2339: Property 'DB' does not exist on type 'CloudflareEnv'.
app/api/admin/login/verify-2fa/route.ts(59,27): error TS2339: Property 'DB' does not exist on type 'CloudflareEnv'.
app/api/admin/orders/[id]/route.ts(17,27): error TS2339: Property 'DB' does not exist on type 'CloudflareEnv'.
app/api/admin/orders/[id]/route.ts(20,27): error TS2339: Property 'DB' does not exist on type 'CloudflareEnv'.
app/api/admin/orders/[id]/route.ts(33,25): error TS18046: 'body' is of type 'unknown'.
app/api/admin/orders/[id]/route.ts(41,30): error TS18046: 'body' is of type 'unknown'.
app/api/admin/orders/[id]/route.ts(47,26): error TS18046: 'body' is of type 'unknown'.
app/api/admin/orders/[id]/route.ts(60,29): error TS18046: 'body' is of type 'unknown'.
app/api/admin/orders/[id]/route.ts(60,61): error TS18046: 'body' is of type 'unknown'.
app/api/admin/orders/[id]/route.ts(68,13): error TS2339: Property 'DB' does not exist on type 'CloudflareEnv'.
app/api/admin/orders/[id]/route.ts(74,27): error TS2339: Property 'DB' does not exist on type 'CloudflareEnv'.
app/api/admin/orders/[id]/route.ts(78,99): error TS18046: 'body' is of type 'unknown'.
app/api/admin/orders/[id]/route.ts(92,7): error TS18046: 'body' is of type 'unknown'.
app/api/admin/orders/route.ts(18,17): error TS2339: Property 'DB' does not exist on type 'CloudflareEnv'.
app/api/admin/orders/route.ts(19,17): error TS2339: Property 'DB' does not exist on type 'CloudflareEnv'.
app/api/admin/settings/route.ts(36,26): error TS2339: Property 'DB' does not exist on type 'CloudflareEnv'.
app/api/admin/settings/route.ts(63,10): error TS18046: 'body' is of type 'unknown'.
app/api/admin/settings/route.ts(64,10): error TS18046: 'body' is of type 'unknown'.
app/api/admin/settings/route.ts(65,10): error TS18046: 'body' is of type 'unknown'.
app/api/admin/settings/route.ts(67,28): error TS2769: No overload matches this call.
  Overload 1 of 2, '(o: {}): string[]', gave the following error.
    Argument of type 'unknown' is not assignable to parameter of type '{}'.
  Overload 2 of 2, '(o: object): string[]', gave the following error.
    Argument of type 'unknown' is not assignable to parameter of type 'object'.
app/api/admin/settings/route.ts(87,32): error TS2769: No overload matches this call.
  Overload 1 of 2, '(o: ArrayLike<unknown> | { [s: string]: unknown; }): [string, unknown][]', gave the following error.
    Argument of type 'unknown' is not assignable to parameter of type 'ArrayLike<unknown> | { [s: string]: unknown; }'.
  Overload 2 of 2, '(o: {}): [string, any][]', gave the following error.
    Argument of type 'unknown' is not assignable to parameter of type '{}'.
app/api/admin/settings/route.ts(88,9): error TS2339: Property 'DB' does not exist on type 'CloudflareEnv'.
app/api/admin/settings/route.ts(94,13): error TS2339: Property 'DB' does not exist on type 'CloudflareEnv'.
app/api/admin/staff/[id]/route.ts(29,28): error TS2339: Property 'DB' does not exist on type 'CloudflareEnv'.
app/api/admin/staff/[id]/route.ts(35,17): error TS18046: 'body' is of type 'unknown'.
app/api/admin/staff/[id]/route.ts(41,17): error TS18046: 'body' is of type 'unknown'.
app/api/admin/staff/[id]/route.ts(42,25): error TS2345: Argument of type 'unknown' is not assignable to parameter of type 'StaffRole'.
app/api/admin/staff/[id]/route.ts(43,5): error TS2322: Type 'unknown' is not assignable to type 'string | undefined'.
app/api/admin/staff/[id]/route.ts(46,19): error TS18046: 'body' is of type 'unknown'.
app/api/admin/staff/[id]/route.ts(60,22): error TS18046: 'body' is of type 'unknown'.
app/api/admin/staff/[id]/route.ts(83,15): error TS2339: Property 'DB' does not exist on type 'CloudflareEnv'.
app/api/admin/staff/[id]/route.ts(93,15): error TS2339: Property 'DB' does not exist on type 'CloudflareEnv'.
app/api/admin/staff/route.ts(23,22): error TS2339: Property 'DB' does not exist on type 'CloudflareEnv'.
app/api/admin/staff/route.ts(30,22): error TS2339: Property 'DB' does not exist on type 'CloudflareEnv'.
app/api/admin/staff/route.ts(44,23): error TS18046: 'body' is of type 'unknown'.
app/api/admin/staff/route.ts(45,24): error TS18046: 'body' is of type 'unknown'.
app/api/admin/staff/route.ts(46,27): error TS18046: 'body' is of type 'unknown'.
app/api/admin/staff/route.ts(47,23): error TS18046: 'body' is of type 'unknown'.
app/api/admin/staff/route.ts(59,30): error TS2339: Property 'DB' does not exist on type 'CloudflareEnv'.
app/api/admin/staff/route.ts(66,28): error TS2339: Property 'DB' does not exist on type 'CloudflareEnv'.
app/api/admin/upload/route.ts(55,20): error TS2339: Property 'put' does not exist on type 'ImagesBinding'.
app/api/coupons/validate/route.ts(15,9): error TS2322: Type 'unknown' is not assignable to type '{ subtotal?: unknown; code?: unknown; }'.
app/api/menu/route.ts(21,35): error TS2345: Argument of type 'CloudflareEnv' is not assignable to parameter of type 'LoadMenuDataEnv'.
  Property 'DB' is missing in type 'CloudflareEnv' but required in type 'LoadMenuDataEnv'.
app/api/orders/[orderNum]/route.ts(13,44): error TS2339: Property 'DB' does not exist on type 'CloudflareEnv'.
app/api/orders/[orderNum]/route.ts(25,56): error TS2339: Property 'DB' does not exist on type 'CloudflareEnv'.
app/api/orders/by-phone/route.ts(20,116): error TS2339: Property 'DB' does not exist on type 'CloudflareEnv'.
app/api/orders/route.ts(34,9): error TS2322: Type 'unknown' is not assignable to type 'CreateOrderBody | null'.
app/api/orders/route.ts(40,35): error TS2339: Property 'DB' does not exist on type 'CloudflareEnv'.
app/api/orders/route.ts(81,11): error TS2339: Property 'DB' does not exist on type 'CloudflareEnv'.
app/api/orders/route.ts(82,11): error TS2339: Property 'DB' does not exist on type 'CloudflareEnv'.
app/api/orders/route.ts(141,33): error TS2339: Property 'DB' does not exist on type 'CloudflareEnv'.
app/api/orders/route.ts(152,9): error TS2339: Property 'DB' does not exist on type 'CloudflareEnv'.
app/api/orders/route.ts(159,15): error TS2339: Property 'DB' does not exist on type 'CloudflareEnv'.
app/api/orders/route.ts(173,11): error TS2339: Property 'DB' does not exist on type 'CloudflareEnv'.
app/images/[...key]/route.ts(16,35): error TS2339: Property 'get' does not exist on type 'ImagesBinding'.
app/sitemap.ts(41,9): error TS2339: Property 'DB' does not exist on type 'CloudflareEnv'.
app/sitemap.ts(42,9): error TS2339: Property 'DB' does not exist on type 'CloudflareEnv'.
components/BundleModal.tsx(88,26): error TS2322: Type 'string | null | undefined' is not assignable to type 'string | undefined'.
  Type 'null' is not assignable to type 'string | undefined'.
components/BundleModal.tsx(97,44): error TS2322: Type 'string | null | undefined' is not assignable to type 'string | undefined'.
  Type 'null' is not assignable to type 'string | undefined'.
components/CartDrawer.tsx(22,22): error TS2322: Type 'string | null | undefined' is not assignable to type 'string | undefined'.
  Type 'null' is not assignable to type 'string | undefined'.
components/CheckoutModal.tsx(150,12): error TS18046: 'data' is of type 'unknown'.
components/CheckoutModal.tsx(152,24): error TS18046: 'data' is of type 'unknown'.
components/CheckoutModal.tsx(155,21): error TS18046: 'data' is of type 'unknown'.
components/CheckoutModal.tsx(156,25): error TS18046: 'data' is of type 'unknown'.
components/CheckoutModal.tsx(157,27): error TS18046: 'data' is of type 'unknown'.
components/CheckoutModal.tsx(237,26): error TS2322: Type 'string | null | undefined' is not assignable to type 'string | undefined'.
  Type 'null' is not assignable to type 'string | undefined'.
components/CheckoutModal.tsx(267,28): error TS2322: Type 'string | null | undefined' is not assignable to type 'string | undefined'.
  Type 'null' is not assignable to type 'string | undefined'.
components/CheckoutModal.tsx(286,42): error TS2322: Type 'string | null | undefined' is not assignable to type 'string | undefined'.
  Type 'null' is not assignable to type 'string | undefined'.
components/CheckoutModal.tsx(438,30): error TS2322: Type 'string | null | undefined' is not assignable to type 'string | undefined'.
  Type 'null' is not assignable to type 'string | undefined'.
components/DrinkUpsellModal.tsx(39,20): error TS2322: Type 'string | null | undefined' is not assignable to type 'string | undefined'.
  Type 'null' is not assignable to type 'string | undefined'.
components/FeaturedCard.tsx(33,39): error TS2322: Type 'string | null | undefined' is not assignable to type 'string | undefined'.
  Type 'null' is not assignable to type 'string | undefined'.
components/FeaturedCard.tsx(51,39): error TS2322: Type 'string | null | undefined' is not assignable to type 'string | undefined'.
  Type 'null' is not assignable to type 'string | undefined'.
components/MenuSection.tsx(178,17): error TS2322: Type '(el: HTMLButtonElement | null) => HTMLButtonElement | null' is not assignable to type 'LegacyRef<HTMLButtonElement> | undefined'.
  Type '(el: HTMLButtonElement | null) => HTMLButtonElement | null' is not assignable to type '(instance: HTMLButtonElement | null) => void | (() => VoidOrUndefinedOnly)'.
    Type 'HTMLButtonElement | null' is not assignable to type 'void | (() => VoidOrUndefinedOnly)'.
      Type 'null' is not assignable to type 'void | (() => VoidOrUndefinedOnly)'.
components/MenuSection.tsx(201,13): error TS2322: Type '(el: HTMLDivElement | null) => HTMLDivElement | null' is not assignable to type 'LegacyRef<HTMLDivElement> | undefined'.
  Type '(el: HTMLDivElement | null) => HTMLDivElement | null' is not assignable to type '(instance: HTMLDivElement | null) => void | (() => VoidOrUndefinedOnly)'.
    Type 'HTMLDivElement | null' is not assignable to type 'void | (() => VoidOrUndefinedOnly)'.
      Type 'null' is not assignable to type 'void | (() => VoidOrUndefinedOnly)'.
components/MenuSection.tsx(251,23): error TS2322: Type 'string | null | undefined' is not assignable to type 'string | undefined'.
  Type 'null' is not assignable to type 'string | undefined'.
components/PopularNow.tsx(25,18): error TS2322: Type 'string | null | undefined' is not assignable to type 'string | undefined'.
  Type 'null' is not assignable to type 'string | undefined'.
components/ProductPage.tsx(63,46): error TS2322: Type 'string | null | undefined' is not assignable to type 'Background<string | number> | undefined'.
  Type 'null' is not assignable to type 'Background<string | number> | undefined'.
components/ProductPage.tsx(79,65): error TS2322: Type 'string | null | undefined' is not assignable to type 'Background<string | number> | undefined'.
  Type 'null' is not assignable to type 'Background<string | number> | undefined'.
components/ProductPage.tsx(279,40): error TS2322: Type 'string | null | undefined' is not assignable to type 'string | undefined'.
  Type 'null' is not assignable to type 'string | undefined'.
components/ProductPageStandalone.tsx(26,14): error TS2322: Type 'string | null | undefined' is not assignable to type 'string | undefined'.
  Type 'null' is not assignable to type 'string | undefined'.
components/TrackPageClient.tsx(174,18): error TS18046: 'data' is of type 'unknown'.
components/TrackPageClient.tsx(177,12): error TS18046: 'data' is of type 'unknown'.
components/TrackPageClient.tsx(177,27): error TS18046: 'data' is of type 'unknown'.
components/TrackPageClient.tsx(181,18): error TS18046: 'data' is of type 'unknown'.
components/TrackPageClient.tsx(247,16): error TS2345: Argument of type 'unknown' is not assignable to parameter of type 'SetStateAction<OrderTrackingResult | null>'.
components/TrackingScripts.tsx(119,19): error TS18046: 'data' is of type 'unknown'.
components/admin/BundleManager.tsx(163,36): error TS18046: 'data' is of type 'unknown'.
components/admin/BundleManager.tsx(164,25): error TS18046: 'data' is of type 'unknown'.
components/admin/BundleManager.tsx(198,25): error TS18046: 'data' is of type 'unknown'.
components/admin/MyAccountModal.tsx(45,33): error TS2345: Argument of type 'unknown' is not assignable to parameter of type 'SetStateAction<TwoFaStatus | null>'.
components/admin/MyAccountModal.tsx(58,36): error TS18046: 'data' is of type 'unknown'.
components/admin/MyAccountModal.tsx(59,20): error TS2345: Argument of type 'unknown' is not assignable to parameter of type 'SetStateAction<TwoFaSetupData | null>'.
components/admin/MyAccountModal.tsx(78,36): error TS18046: 'data' is of type 'unknown'.
components/admin/MyAccountModal.tsx(98,36): error TS18046: 'data' is of type 'unknown'.
components/admin/OrderKanban.tsx(72,48): error TS2345: Argument of type 'unknown' is not assignable to parameter of type 'SetStateAction<OrderDetail | null>'.
components/admin/OrderKanban.tsx(219,47): error TS18046: 'd' is of type 'unknown'.
components/admin/ResourceManager.tsx(210,36): error TS18046: 'data' is of type 'unknown'.
components/admin/ResourceManager.tsx(211,21): error TS18046: 'data' is of type 'unknown'.
components/admin/ResourceManager.tsx(242,25): error TS18046: 'data' is of type 'unknown'.
components/admin/ResourceManager.tsx(304,25): error TS18046: 'data' is of type 'unknown'.
components/admin/ResourceManager.tsx(394,48): error TS18046: 'data' is of type 'unknown'.
context/StoreContext.tsx(259,40): error TS2345: Argument of type 'unknown' is not assignable to parameter of type 'MenuData'.
context/StoreContext.tsx(618,23): error TS18046: 'body' is of type 'unknown'.
context/StoreContext.tsx(629,21): error TS18046: 'data' is of type 'unknown'.
context/StoreContext.tsx(630,47): error TS18046: 'data' is of type 'unknown'.
context/StoreContext.tsx(640,31): error TS18046: 'data' is of type 'unknown'.
context/StoreContext.tsx(640,57): error TS18046: 'data' is of type 'unknown'.
context/StoreContext.tsx(641,19): error TS18046: 'data' is of type 'unknown'.
context/StoreContext.tsx(643,21): error TS18046: 'data' is of type 'unknown'.
context/StoreContext.tsx(646,23): error TS18046: 'data' is of type 'unknown'.
lib/adminAuth.ts(96,23): error TS2322: Type 'Uint8Array<ArrayBufferLike>' is not assignable to type 'BufferSource'.
  Type 'Uint8Array<ArrayBufferLike>' is not assignable to type 'ArrayBufferView<ArrayBuffer>'.
    Types of property 'buffer' are incompatible.
      Type 'ArrayBufferLike' is not assignable to type 'ArrayBuffer'.
        Type 'SharedArrayBuffer' is missing the following properties from type 'ArrayBuffer': resizable, resize, detached, transfer, transferToFixedLength
lib/adminAuth.ts(225,59): error TS2345: Argument of type 'Uint8Array<ArrayBufferLike>' is not assignable to parameter of type 'BufferSource'.
  Type 'Uint8Array<ArrayBufferLike>' is not assignable to type 'ArrayBufferView<ArrayBuffer>'.
    Types of property 'buffer' are incompatible.
      Type 'ArrayBufferLike' is not assignable to type 'ArrayBuffer'.
        Type 'SharedArrayBuffer' is missing the following properties from type 'ArrayBuffer': resizable, resize, detached, transfer, transferToFixedLength
lib/adminAuth.ts(303,59): error TS2345: Argument of type 'Uint8Array<ArrayBufferLike>' is not assignable to parameter of type 'BufferSource'.
  Type 'Uint8Array<ArrayBufferLike>' is not assignable to type 'ArrayBufferView<ArrayBuffer>'.
    Types of property 'buffer' are incompatible.
      Type 'ArrayBufferLike' is not assignable to type 'ArrayBuffer'.
        Type 'SharedArrayBuffer' is missing the following properties from type 'ArrayBuffer': resizable, resize, detached, transfer, transferToFixedLength
lib/totp.ts(96,52): error TS2769: No overload matches this call.
  The last overload gave the following error.
    Argument of type 'Uint8Array<ArrayBufferLike>' is not assignable to parameter of type 'BufferSource'.
      Type 'Uint8Array<ArrayBufferLike>' is not assignable to type 'ArrayBufferView<ArrayBuffer>'.
        Types of property 'buffer' are incompatible.
          Type 'ArrayBufferLike' is not assignable to type 'ArrayBuffer'.
            Type 'SharedArrayBuffer' is missing the following properties from type 'ArrayBuffer': resizable, resize, detached, transfer, transferToFixedLength
lib/totp.ts(97,74): error TS2345: Argument of type 'Uint8Array<ArrayBufferLike>' is not assignable to parameter of type 'BufferSource'.
  Type 'Uint8Array<ArrayBufferLike>' is not assignable to type 'ArrayBufferView<ArrayBuffer>'.
    Types of property 'buffer' are incompatible.
      Type 'ArrayBufferLike' is not assignable to type 'ArrayBuffer'.
        Type 'SharedArrayBuffer' is missing the following properties from type 'ArrayBuffer': resizable, resize, detached, transfer, transferToFixedLength
